Microsoft (R) Macro Assembler Version 14.24.28314.0	    01/16/20 01:34:41
"Program 1  -- Sums and Difference			     Page 1 - 1


				TITLE Program 1  -- Sums and Differences

				; Author:						Adam Wright
				; Last Modified:				1-14-2020
				; OSU email address:			wrighada@oregonstate.edu
				; Course number/section:		cs271--400
				; Project Number:               1  
				; Due Date:						1-19-2020
				; Description:					Assembly program which prompts the user for
				;								three integers in descending order and then
				;								calculates the sum and difference of the sets
				;								(A+B, A-B, A+C, A-C, B+C, B-C, A+B+C) and 
				;								displays it to the user

				INCLUDE Irvine32.inc
			      C ; Include file for Irvine32.lib             (Irvine32.inc)
			      C 
			      C ;OPTION CASEMAP:NONE		; optional: make identifiers case-sensitive
			      C 
			      C INCLUDE SmallWin.inc		; MS-Windows prototypes, structures, and constants
			      C .NOLIST
			      C .LIST
			      C 
			      C INCLUDE VirtualKeys.inc
			      C ; VirtualKeys.inc
			      C .NOLIST
			      C .LIST
			      C 
			      C 
			      C .NOLIST
			      C .LIST
			      C 


				; Variable definitions

 00000000			.data
 00000000 41 64 61 6D 20	intro		BYTE	"Adam Wright  --  Program-1 -- Sums and differences", 0
	   57 72 69 67 68
	   74 20 20 2D 2D
	   20 20 50 72 6F
	   67 72 61 6D 2D
	   31 20 2D 2D 20
	   53 75 6D 73 20
	   61 6E 64 20 64
	   69 66 66 65 72
	   65 6E 63 65 73
	   00
 00000033 2A 2A 45 43 2D	extCred1	BYTE	"**EC-1: Program repeats until the user chooses to quit", 0
	   31 3A 20 50 72
	   6F 67 72 61 6D
	   20 72 65 70 65
	   61 74 73 20 75
	   6E 74 69 6C 20
	   74 68 65 20 75
	   73 65 72 20 63
	   68 6F 6F 73 65
	   73 20 74 6F 20
	   71 75 69 74 00
 0000006A 2A 2A 45 43 2D	extCred2	BYTE	"**EC-2: Program verifies the numbers are in descending order", 0
	   32 3A 20 50 72
	   6F 67 72 61 6D
	   20 76 65 72 69
	   66 69 65 73 20
	   74 68 65 20 6E
	   75 6D 62 65 72
	   73 20 61 72 65
	   20 69 6E 20 64
	   65 73 63 65 6E
	   64 69 6E 67 20
	   6F 72 64 65 72
	   00
 000000A7 2A 2A 45 43 2D	extCred3	BYTE	"**EC-3: Handles negative results and computes B-A, C-A, C-B, C-B-A", 0
	   33 3A 20 48 61
	   6E 64 6C 65 73
	   20 6E 65 67 61
	   74 69 76 65 20
	   72 65 73 75 6C
	   74 73 20 61 6E
	   64 20 63 6F 6D
	   70 75 74 65 73
	   20 42 2D 41 2C
	   20 43 2D 41 2C
	   20 43 2D 42 2C
	   20 43 2D 42 2D
	   41 00
 000000EA 45 6E 74 65 72	instrctMsg	BYTE	"Enter 3 numbers A > B > C, and I'll show you the sums and differences!", 0
	   20 33 20 6E 75
	   6D 62 65 72 73
	   20 41 20 3E 20
	   42 20 3E 20 43
	   2C 20 61 6E 64
	   20 49 27 6C 6C
	   20 73 68 6F 77
	   20 79 6F 75 20
	   74 68 65 20 73
	   75 6D 73 20 61
	   6E 64 20 64 69
	   66 66 65 72 65
	   6E 63 65 73 21
	   00
 00000131 46 69 72 73 74	firPrompt	BYTE	"First number: ", 0
	   20 6E 75 6D 62
	   65 72 3A 20 00
 00000140 53 65 63 6F 6E	secPrompt	BYTE	"Second number: ", 0
	   64 20 6E 75 6D
	   62 65 72 3A 20
	   00
 00000150 54 68 69 72 64	thrdPrompt	BYTE	"Third number: ", 0
	   20 6E 75 6D 62
	   65 72 3A 20 00
 0000015F 45 72 72 6F 72	errPrompt	BYTE	"Error: The numbers must be in descending order", 0
	   3A 20 54 68 65
	   20 6E 75 6D 62
	   65 72 73 20 6D
	   75 73 74 20 62
	   65 20 69 6E 20
	   64 65 73 63 65
	   6E 64 69 6E 67
	   20 6F 72 64 65
	   72 00
 0000018E 50 72 65 73 73	quitPrompt	BYTE	"Press 1 to quit and 2 to continue: ", 0
	   20 31 20 74 6F
	   20 71 75 69 74
	   20 61 6E 64 20
	   32 20 74 6F 20
	   63 6F 6E 74 69
	   6E 75 65 3A 20
	   00
 000001B2 20 2B 20 00		addSym		BYTE	" + ", 0
 000001B6 20 2D 20 00		subSym		BYTE	" - ", 0
 000001BA 20 3D 20 00		eqlSym		BYTE	" = ", 0
 000001BE 47 6F 6F 64 2D	goodBye		BYTE	"Good-bye !!!", 0
	   62 79 65 20 21
	   21 21 00
 000001CB 00000000		numA		SDWORD	?								; Integer A to be entered by user
 000001CF 00000000		numB		SDWORD	?								; Integer B to be entered by user
 000001D3 00000000		numC		SDWORD	?								; Integer C to be entered by user


				; Executable instructions

 00000000			.code  
 00000000			main PROC

				; Introduce programmer, title, and extra credit options
 00000000  E8 00000000 E		call	CrLf
 00000005  BA 00000000 R		mov		edx, OFFSET intro
 0000000A  E8 00000000 E		call	WriteString
 0000000F  E8 00000000 E		call	CrLf
 00000014  BA 00000033 R		mov		edx, OFFSET extCred1
 00000019  E8 00000000 E		call	WriteString
 0000001E  E8 00000000 E		call	CrLf
 00000023  BA 0000006A R		mov		edx, OFFSET extCred2
 00000028  E8 00000000 E		call	WriteString
 0000002D  E8 00000000 E		call	CrLf
 00000032  BA 000000A7 R		mov		edx, OFFSET extCred3
 00000037  E8 00000000 E		call	WriteString
 0000003C  E8 00000000 E		call	CrLf
 00000041  E8 00000000 E		call	CrLf

				; Print the instructions
 00000046  BA 000000EA R		mov		edx, OFFSET instrctMsg
 0000004B  E8 00000000 E		call	WriteString
 00000050  E8 00000000 E		call	CrLf


 00000055			START_LOOP:											; User can press 2 and continue with JMP From: line-271

				; Prompt for first number							; Prompt for 3 numbers
 00000055  E8 00000000 E		call	CrLf
 0000005A  BA 00000131 R		mov		edx, OFFSET firPrompt
 0000005F  E8 00000000 E		call	WriteString
 00000064  E8 00000000 E		call	ReadInt
 00000069  A3 000001CB R		mov		numA, eax

				; Prompt for second number
 0000006E  BA 00000140 R		mov		edx, OFFSET secPrompt
 00000073  E8 00000000 E		call	WriteString
 00000078  E8 00000000 E		call	ReadInt
 0000007D  A3 000001CF R		mov		numB, eax

				; Prompt for third number
 00000082  BA 00000150 R		mov		edx, OFFSET thrdPrompt
 00000087  E8 00000000 E		call	WriteString
 0000008C  E8 00000000 E		call	ReadInt
 00000091  A3 000001D3 R		mov		numC, eax
 00000096  E8 00000000 E		call	CrLf

				; Check for descending order						; Test for descending numbers
 0000009B  A1 000001CB R		mov		eax, numA
 000000A0  3B 05 000001CF R		cmp		eax, numB
 000000A6  76 0F			jbe		INPUT_ERROR
 000000A8  A1 000001CF R		mov		eax, numB
 000000AD  3B 05 000001D3 R		cmp		eax, numC
 000000B3  76 02			jbe		INPUT_ERROR
 000000B5  EB 11			jmp		MATH


 000000B7			INPUT_ERROR:										; JMP From: line-87 or 90

				; Error Message										; Input numbers error message
 000000B7  BA 0000015F R		mov		edx, OFFSET	errPrompt
 000000BC  E8 00000000 E		call	WriteString
 000000C1  E8 00000000 E		call	CrLf
 000000C6  EB 8D			Jmp		START_LOOP


 000000C8			MATH:												; JMP From: line-91 - Input tests pass  ---  Start Math section

				; Add and print for A and B							; Calc and print A + B
 000000C8  A1 000001CB R		mov		eax, numA
 000000CD  E8 00000000 E		call	WriteInt
 000000D2  BA 000001B2 R		mov		edx, OFFSET addSym
 000000D7  E8 00000000 E		call	WriteString
 000000DC  A1 000001CF R		mov		eax, numB
 000000E1  E8 00000000 E		call	WriteInt
 000000E6  BA 000001BA R		mov		edx, OFFSET eqlSym
 000000EB  E8 00000000 E		call	WriteString
 000000F0  03 05 000001CB R		add		eax, numA
 000000F6  E8 00000000 E		call	WriteInt
 000000FB  E8 00000000 E		call	CrLf

				; Subtract and print for A and B					; Calc and print A - B
 00000100  A1 000001CB R		mov		eax, numA
 00000105  E8 00000000 E		call	WriteInt
 0000010A  BA 000001B6 R		mov		edx, OFFSET subSym
 0000010F  E8 00000000 E		call	WriteString
 00000114  A1 000001CF R		mov		eax, numB
 00000119  E8 00000000 E		call	WriteInt
 0000011E  BA 000001BA R		mov		edx, OFFSET eqlSym
 00000123  E8 00000000 E		call	WriteString
 00000128  A1 000001CB R		mov		eax, numA
 0000012D  2B 05 000001CF R		sub		eax, numB
 00000133  E8 00000000 E		call	WriteInt
 00000138  E8 00000000 E		call	CrLf

				; Add and print for A and C							; Calc and print A + C
 0000013D  A1 000001CB R		mov		eax, numA
 00000142  E8 00000000 E		call	WriteInt
 00000147  BA 000001B2 R		mov		edx, OFFSET addSym
 0000014C  E8 00000000 E		call	WriteString
 00000151  A1 000001D3 R		mov		eax, numC
 00000156  E8 00000000 E		call	WriteInt
 0000015B  BA 000001BA R		mov		edx, OFFSET eqlSym
 00000160  E8 00000000 E		call	WriteString
 00000165  03 05 000001CB R		add		eax, numA
 0000016B  E8 00000000 E		call	WriteInt
 00000170  E8 00000000 E		call	CrLf

				; Subtract and print for A and C					; Calc and print A - C
 00000175  A1 000001CB R		mov		eax, numA
 0000017A  E8 00000000 E		call	WriteInt
 0000017F  BA 000001B6 R		mov		edx, OFFSET subSym
 00000184  E8 00000000 E		call	WriteString
 00000189  A1 000001D3 R		mov		eax, numC
 0000018E  E8 00000000 E		call	WriteInt
 00000193  BA 000001BA R		mov		edx, OFFSET eqlSym
 00000198  E8 00000000 E		call	WriteString
 0000019D  A1 000001CB R		mov		eax, numA
 000001A2  2B 05 000001D3 R		sub		eax, numC
 000001A8  E8 00000000 E		call	WriteInt
 000001AD  E8 00000000 E		call	CrLf

				; Add and print for B and C							; Calc and print B + C
 000001B2  A1 000001CF R		mov		eax, numB
 000001B7  E8 00000000 E		call	WriteInt
 000001BC  BA 000001B2 R		mov		edx, OFFSET addSym
 000001C1  E8 00000000 E		call	WriteString
 000001C6  A1 000001D3 R		mov		eax, numC
 000001CB  E8 00000000 E		call	WriteInt
 000001D0  BA 000001BA R		mov		edx, OFFSET eqlSym
 000001D5  E8 00000000 E		call	WriteString
 000001DA  03 05 000001CF R		add		eax, numB
 000001E0  E8 00000000 E		call	WriteInt
 000001E5  E8 00000000 E		call	CrLf

				; Subtract and print for B and C					; Calc and print B - C
 000001EA  A1 000001CF R		mov		eax, numB
 000001EF  E8 00000000 E		call	WriteInt
 000001F4  BA 000001B6 R		mov		edx, OFFSET subSym
 000001F9  E8 00000000 E		call	WriteString
 000001FE  A1 000001D3 R		mov		eax, numC
 00000203  E8 00000000 E		call	WriteInt
 00000208  BA 000001BA R		mov		edx, OFFSET eqlSym
 0000020D  E8 00000000 E		call	WriteString
 00000212  A1 000001CF R		mov		eax, numB
 00000217  2B 05 000001D3 R		sub		eax, numC
 0000021D  E8 00000000 E		call	WriteInt
 00000222  E8 00000000 E		call	CrLf

				; Add and print for A and B and C					; Calc and print A + B + C
 00000227  A1 000001CB R		mov		eax, numA
 0000022C  E8 00000000 E		call	WriteInt
 00000231  BA 000001B2 R		mov		edx, OFFSET addSym
 00000236  E8 00000000 E		call	WriteString
 0000023B  A1 000001CF R		mov		eax, numB
 00000240  E8 00000000 E		call	WriteInt
 00000245  BA 000001B2 R		mov		edx, OFFSET addSym
 0000024A  E8 00000000 E		call	WriteString
 0000024F  A1 000001D3 R		mov		eax, numC
 00000254  E8 00000000 E		call	WriteInt
 00000259  BA 000001BA R		mov		edx, OFFSET eqlSym
 0000025E  E8 00000000 E		call	WriteString
 00000263  03 05 000001CB R		add		eax, numA
 00000269  03 05 000001CF R		add		eax, numB
 0000026F  E8 00000000 E		call	WriteInt
 00000274  E8 00000000 E		call	CrLf

				; Subtract and print for B and A					; Calc and print B - A
 00000279  A1 000001CF R		mov		eax, numB
 0000027E  E8 00000000 E		call	WriteInt
 00000283  BA 000001B6 R		mov		edx, OFFSET subSym
 00000288  E8 00000000 E		call	WriteString
 0000028D  A1 000001CB R		mov		eax, numA
 00000292  E8 00000000 E		call	WriteInt
 00000297  BA 000001BA R		mov		edx, OFFSET eqlSym
 0000029C  E8 00000000 E		call	WriteString
 000002A1  A1 000001CF R		mov		eax, numB
 000002A6  2B 05 000001CB R		sub		eax, numA
 000002AC  E8 00000000 E		call	WriteInt
 000002B1  E8 00000000 E		call	CrLf

				; Subtract and print for C and A					; Calc and print C - A
 000002B6  A1 000001D3 R		mov		eax, numC
 000002BB  E8 00000000 E		call	WriteInt
 000002C0  BA 000001B6 R		mov		edx, OFFSET subSym
 000002C5  E8 00000000 E		call	WriteString
 000002CA  A1 000001CB R		mov		eax, numA
 000002CF  E8 00000000 E		call	WriteInt
 000002D4  BA 000001BA R		mov		edx, OFFSET eqlSym
 000002D9  E8 00000000 E		call	WriteString
 000002DE  A1 000001D3 R		mov		eax, numC
 000002E3  2B 05 000001CB R		sub		eax, numA
 000002E9  E8 00000000 E		call	WriteInt
 000002EE  E8 00000000 E		call	CrLf

				; Subtract and print for C and B					; Calc and print C - B
 000002F3  A1 000001D3 R		mov		eax, numC
 000002F8  E8 00000000 E		call	WriteInt
 000002FD  BA 000001B6 R		mov		edx, OFFSET subSym
 00000302  E8 00000000 E		call	WriteString
 00000307  A1 000001CF R		mov		eax, numB
 0000030C  E8 00000000 E		call	WriteInt
 00000311  BA 000001BA R		mov		edx, OFFSET eqlSym
 00000316  E8 00000000 E		call	WriteString
 0000031B  A1 000001D3 R		mov		eax, numC
 00000320  2B 05 000001CF R		sub		eax, numB
 00000326  E8 00000000 E		call	WriteInt
 0000032B  E8 00000000 E		call	CrLf

				; Subtract and print for C and B and A				; Calc and print C - B - A
 00000330  A1 000001D3 R		mov		eax, numC
 00000335  E8 00000000 E		call	WriteInt
 0000033A  BA 000001B6 R		mov		edx, OFFSET subSym
 0000033F  E8 00000000 E		call	WriteString
 00000344  A1 000001CF R		mov		eax, numB
 00000349  E8 00000000 E		call	WriteInt
 0000034E  BA 000001B6 R		mov		edx, OFFSET subSym
 00000353  E8 00000000 E		call	WriteString
 00000358  A1 000001CB R		mov		eax, numA
 0000035D  E8 00000000 E		call	WriteInt
 00000362  BA 000001BA R		mov		edx, OFFSET eqlSym
 00000367  E8 00000000 E		call	WriteString
 0000036C  A1 000001D3 R		mov		eax, numC
 00000371  2B 05 000001CF R		sub		eax, numB
 00000377  2B 05 000001CB R		sub		eax, numA
 0000037D  E8 00000000 E		call	WriteInt
 00000382  E8 00000000 E		call	CrLf

				; Prompt for quit									; Ask the user to quit
 00000387  E8 00000000 E		call	CrLf
 0000038C  BA 0000018E R		mov		edx, OFFSET	quitPrompt
 00000391  E8 00000000 E		call	WriteString
 00000396  E8 00000000 E		call	CrLf
 0000039B  E8 00000000 E		call	ReadInt
 000003A0  83 F8 01			cmp		eax, 1
 000003A3  74 05			je		CONTINUE
 000003A5  E9 FFFFFCAB			jmp		START_LOOP
					

 000003AA			CONTINUE:											; JMP From: line-270

				; Say "Good-bye"									; Print the final message when 1 entered
 000003AA  E8 00000000 E		call	CrLf
 000003AF  BA 000001BE R		mov		edx, OFFSET goodBye
 000003B4  E8 00000000 E		call	WriteString
 000003B9  E8 00000000 E		call	CrLf

					exit											; exit to operating system
 000003BE  6A 00	   *	    push   +000000000h
 000003C0  E8 00000000 E   *	    call   ExitProcess

 000003C5			main ENDP

				END main
Microsoft (R) Macro Assembler Version 14.24.28314.0	    01/16/20 01:34:41
"Program 1  -- Sums and Difference			     Symbols 2 - 1




Structures and Unions:

                N a m e                  Size
                                         Offset      Type

CONSOLE_CURSOR_INFO  . . . . . .	 00000008
  dwSize . . . . . . . . . . . .	 00000000	 DWord
  bVisible . . . . . . . . . . .	 00000004	 DWord
CONSOLE_SCREEN_BUFFER_INFO . . .	 00000016
  dwSize . . . . . . . . . . . .	 00000000	 DWord
  dwCursorPosition . . . . . . .	 00000004	 DWord
  wAttributes  . . . . . . . . .	 00000008	 Word
  srWindow . . . . . . . . . . .	 0000000A	 QWord
  dwMaximumWindowSize  . . . . .	 00000012	 DWord
COORD  . . . . . . . . . . . . .	 00000004
  X  . . . . . . . . . . . . . .	 00000000	 Word
  Y  . . . . . . . . . . . . . .	 00000002	 Word
FILETIME . . . . . . . . . . . .	 00000008
  loDateTime . . . . . . . . . .	 00000000	 DWord
  hiDateTime . . . . . . . . . .	 00000004	 DWord
FOCUS_EVENT_RECORD . . . . . . .	 00000004
  bSetFocus  . . . . . . . . . .	 00000000	 DWord
FPU_ENVIRON  . . . . . . . . . .	 0000001C
  controlWord  . . . . . . . . .	 00000000	 Word
  statusWord . . . . . . . . . .	 00000004	 Word
  tagWord  . . . . . . . . . . .	 00000008	 Word
  instrPointerOffset . . . . . .	 0000000C	 DWord
  instrPointerSelector . . . . .	 00000010	 DWord
  operandPointerOffset . . . . .	 00000014	 DWord
  operandPointerSelector . . . .	 00000018	 Word
INPUT_RECORD . . . . . . . . . .	 00000014
  EventType  . . . . . . . . . .	 00000000	 Word
  Event  . . . . . . . . . . . .	 00000004	 XmmWord
  bKeyDown . . . . . . . . . . .	 00000000	 DWord
  wRepeatCount . . . . . . . . .	 00000004	 Word
  wVirtualKeyCode  . . . . . . .	 00000006	 Word
  wVirtualScanCode . . . . . . .	 00000008	 Word
  uChar  . . . . . . . . . . . .	 0000000A	 Word
  UnicodeChar  . . . . . . . . .	 00000000	 Word
  AsciiChar  . . . . . . . . . .	 00000000	 Byte
  dwControlKeyState  . . . . . .	 0000000C	 DWord
  dwMousePosition  . . . . . . .	 00000000	 DWord
  dwButtonState  . . . . . . . .	 00000004	 DWord
  dwMouseControlKeyState . . . .	 00000008	 DWord
  dwEventFlags . . . . . . . . .	 0000000C	 DWord
  dwSize . . . . . . . . . . . .	 00000000	 DWord
  dwCommandId  . . . . . . . . .	 00000000	 DWord
  bSetFocus  . . . . . . . . . .	 00000000	 DWord
KEY_EVENT_RECORD . . . . . . . .	 00000010
  bKeyDown . . . . . . . . . . .	 00000000	 DWord
  wRepeatCount . . . . . . . . .	 00000004	 Word
  wVirtualKeyCode  . . . . . . .	 00000006	 Word
  wVirtualScanCode . . . . . . .	 00000008	 Word
  uChar  . . . . . . . . . . . .	 0000000A	 Word
  UnicodeChar  . . . . . . . . .	 00000000	 Word
  AsciiChar  . . . . . . . . . .	 00000000	 Byte
  dwControlKeyState  . . . . . .	 0000000C	 DWord
MENU_EVENT_RECORD  . . . . . . .	 00000004
  dwCommandId  . . . . . . . . .	 00000000	 DWord
MOUSE_EVENT_RECORD . . . . . . .	 00000010
  dwMousePosition  . . . . . . .	 00000000	 DWord
  dwButtonState  . . . . . . . .	 00000004	 DWord
  dwMouseControlKeyState . . . .	 00000008	 DWord
  dwEventFlags . . . . . . . . .	 0000000C	 DWord
SMALL_RECT . . . . . . . . . . .	 00000008
  Left . . . . . . . . . . . . .	 00000000	 Word
  Top  . . . . . . . . . . . . .	 00000002	 Word
  Right  . . . . . . . . . . . .	 00000004	 Word
  Bottom . . . . . . . . . . . .	 00000006	 Word
SYSTEMTIME . . . . . . . . . . .	 00000010
  wYear  . . . . . . . . . . . .	 00000000	 Word
  wMonth . . . . . . . . . . . .	 00000002	 Word
  wDayOfWeek . . . . . . . . . .	 00000004	 Word
  wDay . . . . . . . . . . . . .	 00000006	 Word
  wHour  . . . . . . . . . . . .	 00000008	 Word
  wMinute  . . . . . . . . . . .	 0000000A	 Word
  wSecond  . . . . . . . . . . .	 0000000C	 Word
  wMilliseconds  . . . . . . . .	 0000000E	 Word
WINDOW_BUFFER_SIZE_RECORD  . . .	 00000004
  dwSize . . . . . . . . . . . .	 00000000	 DWord


Segments and Groups:

                N a m e                 Size     Length   Align   Combine Class

FLAT . . . . . . . . . . . . . .	GROUP
STACK  . . . . . . . . . . . . .	32 Bit	 00001000 Para	  Stack	  'STACK'	 
_DATA  . . . . . . . . . . . . .	32 Bit	 000001D7 Para	  Public  'DATA'	
_TEXT  . . . . . . . . . . . . .	32 Bit	 000003C5 Para	  Public  'CODE'	


Procedures, parameters, and locals:

                N a m e                 Type     Value    Attr

CloseFile  . . . . . . . . . . .	P Near	 00000000 FLAT	Length= 00000000 External STDCALL
CloseHandle  . . . . . . . . . .	P Near	 00000000 FLAT	Length= 00000000 External STDCALL
Clrscr . . . . . . . . . . . . .	P Near	 00000000 FLAT	Length= 00000000 External STDCALL
CreateFileA  . . . . . . . . . .	P Near	 00000000 FLAT	Length= 00000000 External STDCALL
CreateOutputFile . . . . . . . .	P Near	 00000000 FLAT	Length= 00000000 External STDCALL
Crlf . . . . . . . . . . . . . .	P Near	 00000000 FLAT	Length= 00000000 External STDCALL
Delay  . . . . . . . . . . . . .	P Near	 00000000 FLAT	Length= 00000000 External STDCALL
DumpMem  . . . . . . . . . . . .	P Near	 00000000 FLAT	Length= 00000000 External STDCALL
DumpRegs . . . . . . . . . . . .	P Near	 00000000 FLAT	Length= 00000000 External STDCALL
ExitProcess  . . . . . . . . . .	P Near	 00000000 FLAT	Length= 00000000 External STDCALL
FileTimeToDosDateTime  . . . . .	P Near	 00000000 FLAT	Length= 00000000 External STDCALL
FileTimeToSystemTime . . . . . .	P Near	 00000000 FLAT	Length= 00000000 External STDCALL
FlushConsoleInputBuffer  . . . .	P Near	 00000000 FLAT	Length= 00000000 External STDCALL
FormatMessageA . . . . . . . . .	P Near	 00000000 FLAT	Length= 00000000 External STDCALL
GetCommandLineA  . . . . . . . .	P Near	 00000000 FLAT	Length= 00000000 External STDCALL
GetCommandTail . . . . . . . . .	P Near	 00000000 FLAT	Length= 00000000 External STDCALL
GetConsoleCP . . . . . . . . . .	P Near	 00000000 FLAT	Length= 00000000 External STDCALL
GetConsoleCursorInfo . . . . . .	P Near	 00000000 FLAT	Length= 00000000 External STDCALL
GetConsoleMode . . . . . . . . .	P Near	 00000000 FLAT	Length= 00000000 External STDCALL
GetConsoleScreenBufferInfo . . .	P Near	 00000000 FLAT	Length= 00000000 External STDCALL
GetDateTime  . . . . . . . . . .	P Near	 00000000 FLAT	Length= 00000000 External STDCALL
GetFileTime  . . . . . . . . . .	P Near	 00000000 FLAT	Length= 00000000 External STDCALL
GetKeyState  . . . . . . . . . .	P Near	 00000000 FLAT	Length= 00000000 External STDCALL
GetLastError . . . . . . . . . .	P Near	 00000000 FLAT	Length= 00000000 External STDCALL
GetLocalTime . . . . . . . . . .	P Near	 00000000 FLAT	Length= 00000000 External STDCALL
GetMaxXY . . . . . . . . . . . .	P Near	 00000000 FLAT	Length= 00000000 External STDCALL
GetMseconds  . . . . . . . . . .	P Near	 00000000 FLAT	Length= 00000000 External STDCALL
GetNumberOfConsoleInputEvents  .	P Near	 00000000 FLAT	Length= 00000000 External STDCALL
GetProcessHeap . . . . . . . . .	P Near	 00000000 FLAT	Length= 00000000 External STDCALL
GetStdHandle . . . . . . . . . .	P Near	 00000000 FLAT	Length= 00000000 External STDCALL
GetSystemTime  . . . . . . . . .	P Near	 00000000 FLAT	Length= 00000000 External STDCALL
GetTextColor . . . . . . . . . .	P Near	 00000000 FLAT	Length= 00000000 External STDCALL
GetTickCount . . . . . . . . . .	P Near	 00000000 FLAT	Length= 00000000 External STDCALL
Gotoxy . . . . . . . . . . . . .	P Near	 00000000 FLAT	Length= 00000000 External STDCALL
HeapAlloc  . . . . . . . . . . .	P Near	 00000000 FLAT	Length= 00000000 External STDCALL
HeapCreate . . . . . . . . . . .	P Near	 00000000 FLAT	Length= 00000000 External STDCALL
HeapDestroy  . . . . . . . . . .	P Near	 00000000 FLAT	Length= 00000000 External STDCALL
HeapFree . . . . . . . . . . . .	P Near	 00000000 FLAT	Length= 00000000 External STDCALL
HeapSize . . . . . . . . . . . .	P Near	 00000000 FLAT	Length= 00000000 External STDCALL
IsDigit  . . . . . . . . . . . .	P Near	 00000000 FLAT	Length= 00000000 External STDCALL
LocalFree  . . . . . . . . . . .	P Near	 00000000 FLAT	Length= 00000000 External STDCALL
MessageBoxA  . . . . . . . . . .	P Near	 00000000 FLAT	Length= 00000000 External STDCALL
MsgBoxAsk  . . . . . . . . . . .	P Near	 00000000 FLAT	Length= 00000000 External STDCALL
MsgBox . . . . . . . . . . . . .	P Near	 00000000 FLAT	Length= 00000000 External STDCALL
OpenInputFile  . . . . . . . . .	P Near	 00000000 FLAT	Length= 00000000 External STDCALL
ParseDecimal32 . . . . . . . . .	P Near	 00000000 FLAT	Length= 00000000 External STDCALL
ParseInteger32 . . . . . . . . .	P Near	 00000000 FLAT	Length= 00000000 External STDCALL
PeekConsoleInputA  . . . . . . .	P Near	 00000000 FLAT	Length= 00000000 External STDCALL
Random32 . . . . . . . . . . . .	P Near	 00000000 FLAT	Length= 00000000 External STDCALL
RandomRange  . . . . . . . . . .	P Near	 00000000 FLAT	Length= 00000000 External STDCALL
Randomize  . . . . . . . . . . .	P Near	 00000000 FLAT	Length= 00000000 External STDCALL
ReadChar . . . . . . . . . . . .	P Near	 00000000 FLAT	Length= 00000000 External STDCALL
ReadConsoleA . . . . . . . . . .	P Near	 00000000 FLAT	Length= 00000000 External STDCALL
ReadConsoleInputA  . . . . . . .	P Near	 00000000 FLAT	Length= 00000000 External STDCALL
ReadDec  . . . . . . . . . . . .	P Near	 00000000 FLAT	Length= 00000000 External STDCALL
ReadFile . . . . . . . . . . . .	P Near	 00000000 FLAT	Length= 00000000 External STDCALL
ReadFloat  . . . . . . . . . . .	P Near	 00000000 FLAT	Length= 00000000 External STDCALL
ReadFromFile . . . . . . . . . .	P Near	 00000000 FLAT	Length= 00000000 External STDCALL
ReadHex  . . . . . . . . . . . .	P Near	 00000000 FLAT	Length= 00000000 External STDCALL
ReadInt  . . . . . . . . . . . .	P Near	 00000000 FLAT	Length= 00000000 External STDCALL
ReadKeyFlush . . . . . . . . . .	P Near	 00000000 FLAT	Length= 00000000 External STDCALL
ReadKey  . . . . . . . . . . . .	P Near	 00000000 FLAT	Length= 00000000 External STDCALL
ReadString . . . . . . . . . . .	P Near	 00000000 FLAT	Length= 00000000 External STDCALL
SetConsoleCursorInfo . . . . . .	P Near	 00000000 FLAT	Length= 00000000 External STDCALL
SetConsoleCursorPosition . . . .	P Near	 00000000 FLAT	Length= 00000000 External STDCALL
SetConsoleMode . . . . . . . . .	P Near	 00000000 FLAT	Length= 00000000 External STDCALL
SetConsoleScreenBufferSize . . .	P Near	 00000000 FLAT	Length= 00000000 External STDCALL
SetConsoleTextAttribute  . . . .	P Near	 00000000 FLAT	Length= 00000000 External STDCALL
SetConsoleTitleA . . . . . . . .	P Near	 00000000 FLAT	Length= 00000000 External STDCALL
SetConsoleWindowInfo . . . . . .	P Near	 00000000 FLAT	Length= 00000000 External STDCALL
SetFilePointer . . . . . . . . .	P Near	 00000000 FLAT	Length= 00000000 External STDCALL
SetLocalTime . . . . . . . . . .	P Near	 00000000 FLAT	Length= 00000000 External STDCALL
SetTextColor . . . . . . . . . .	P Near	 00000000 FLAT	Length= 00000000 External STDCALL
ShowFPUStack . . . . . . . . . .	P Near	 00000000 FLAT	Length= 00000000 External STDCALL
Sleep  . . . . . . . . . . . . .	P Near	 00000000 FLAT	Length= 00000000 External STDCALL
StrLength  . . . . . . . . . . .	P Near	 00000000 FLAT	Length= 00000000 External STDCALL
Str_compare  . . . . . . . . . .	P Near	 00000000 FLAT	Length= 00000000 External STDCALL
Str_copy . . . . . . . . . . . .	P Near	 00000000 FLAT	Length= 00000000 External STDCALL
Str_length . . . . . . . . . . .	P Near	 00000000 FLAT	Length= 00000000 External STDCALL
Str_trim . . . . . . . . . . . .	P Near	 00000000 FLAT	Length= 00000000 External STDCALL
Str_ucase  . . . . . . . . . . .	P Near	 00000000 FLAT	Length= 00000000 External STDCALL
SystemTimeToFileTime . . . . . .	P Near	 00000000 FLAT	Length= 00000000 External STDCALL
WaitMsg  . . . . . . . . . . . .	P Near	 00000000 FLAT	Length= 00000000 External STDCALL
WriteBinB  . . . . . . . . . . .	P Near	 00000000 FLAT	Length= 00000000 External STDCALL
WriteBin . . . . . . . . . . . .	P Near	 00000000 FLAT	Length= 00000000 External STDCALL
WriteChar  . . . . . . . . . . .	P Near	 00000000 FLAT	Length= 00000000 External STDCALL
WriteConsoleA  . . . . . . . . .	P Near	 00000000 FLAT	Length= 00000000 External STDCALL
WriteConsoleOutputAttribute  . .	P Near	 00000000 FLAT	Length= 00000000 External STDCALL
WriteConsoleOutputCharacterA . .	P Near	 00000000 FLAT	Length= 00000000 External STDCALL
WriteDec . . . . . . . . . . . .	P Near	 00000000 FLAT	Length= 00000000 External STDCALL
WriteFile  . . . . . . . . . . .	P Near	 00000000 FLAT	Length= 00000000 External STDCALL
WriteFloat . . . . . . . . . . .	P Near	 00000000 FLAT	Length= 00000000 External STDCALL
WriteHexB  . . . . . . . . . . .	P Near	 00000000 FLAT	Length= 00000000 External STDCALL
WriteHex . . . . . . . . . . . .	P Near	 00000000 FLAT	Length= 00000000 External STDCALL
WriteInt . . . . . . . . . . . .	P Near	 00000000 FLAT	Length= 00000000 External STDCALL
WriteStackFrameName  . . . . . .	P Near	 00000000 FLAT	Length= 00000000 External STDCALL
WriteStackFrame  . . . . . . . .	P Near	 00000000 FLAT	Length= 00000000 External STDCALL
WriteString  . . . . . . . . . .	P Near	 00000000 FLAT	Length= 00000000 External STDCALL
WriteToFile  . . . . . . . . . .	P Near	 00000000 FLAT	Length= 00000000 External STDCALL
WriteWindowsMsg  . . . . . . . .	P Near	 00000000 FLAT	Length= 00000000 External STDCALL
main . . . . . . . . . . . . . .	P Near	 00000000 _TEXT	Length= 000003C5 Public STDCALL
  START_LOOP . . . . . . . . . .	L Near	 00000055 _TEXT	
  INPUT_ERROR  . . . . . . . . .	L Near	 000000B7 _TEXT	
  MATH . . . . . . . . . . . . .	L Near	 000000C8 _TEXT	
  CONTINUE . . . . . . . . . . .	L Near	 000003AA _TEXT	
printf . . . . . . . . . . . . .	P Near	 00000000 FLAT	Length= 00000000 External C
scanf  . . . . . . . . . . . . .	P Near	 00000000 FLAT	Length= 00000000 External C
wsprintfA  . . . . . . . . . . .	P Near	 00000000 FLAT	Length= 00000000 External C


Symbols:

                N a m e                 Type     Value    Attr

@CodeSize  . . . . . . . . . . .	Number	 00000000h   
@DataSize  . . . . . . . . . . .	Number	 00000000h   
@Interface . . . . . . . . . . .	Number	 00000003h   
@Model . . . . . . . . . . . . .	Number	 00000007h   
@code  . . . . . . . . . . . . .	Text   	 _TEXT
@data  . . . . . . . . . . . . .	Text   	 FLAT
@fardata?  . . . . . . . . . . .	Text   	 FLAT
@fardata . . . . . . . . . . . .	Text   	 FLAT
@stack . . . . . . . . . . . . .	Text   	 FLAT
ALT_MASK . . . . . . . . . . . .	Number	 00000003h   
CAPSLOCK_ON  . . . . . . . . . .	Number	 00000080h   
CREATE_ALWAYS  . . . . . . . . .	Number	 00000002h   
CREATE_NEW . . . . . . . . . . .	Number	 00000001h   
CTRL_MASK  . . . . . . . . . . .	Number	 0000000Ch   
CreateFile . . . . . . . . . . .	Text   	 CreateFileA
DO_NOT_SHARE . . . . . . . . . .	Number	 00000000h   
ENABLE_ECHO_INPUT  . . . . . . .	Number	 00000004h   
ENABLE_LINE_INPUT  . . . . . . .	Number	 00000002h   
ENABLE_MOUSE_INPUT . . . . . . .	Number	 00000010h   
ENABLE_PROCESSED_INPUT . . . . .	Number	 00000001h   
ENABLE_PROCESSED_OUTPUT  . . . .	Number	 00000001h   
ENABLE_WINDOW_INPUT  . . . . . .	Number	 00000008h   
ENABLE_WRAP_AT_EOL_OUTPUT  . . .	Number	 00000002h   
ENHANCED_KEY . . . . . . . . . .	Number	 00000100h   
FALSE  . . . . . . . . . . . . .	Number	 00000000h   
FILE_APPEND_DATA . . . . . . . .	Number	 00000004h   
FILE_ATTRIBUTE_ARCHIVE . . . . .	Number	 00000020h   
FILE_ATTRIBUTE_COMPRESSED  . . .	Number	 00000800h   
FILE_ATTRIBUTE_DEVICE  . . . . .	Number	 00000040h   
FILE_ATTRIBUTE_DIRECTORY . . . .	Number	 00000010h   
FILE_ATTRIBUTE_ENCRYPTED . . . .	Number	 00004000h   
FILE_ATTRIBUTE_HIDDEN  . . . . .	Number	 00000002h   
FILE_ATTRIBUTE_NORMAL  . . . . .	Number	 00000080h   
FILE_ATTRIBUTE_NOT_CONTENT_INDEXED .	Number	 00002000h   
FILE_ATTRIBUTE_OFFLINE . . . . .	Number	 00001000h   
FILE_ATTRIBUTE_READONLY  . . . .	Number	 00000001h   
FILE_ATTRIBUTE_REPARSE_POINT . .	Number	 00000400h   
FILE_ATTRIBUTE_SPARSE_FILE . . .	Number	 00000200h   
FILE_ATTRIBUTE_SYSTEM  . . . . .	Number	 00000004h   
FILE_ATTRIBUTE_TEMPORARY . . . .	Number	 00000100h   
FILE_BEGIN . . . . . . . . . . .	Number	 00000000h   
FILE_CURRENT . . . . . . . . . .	Number	 00000001h   
FILE_DELETE_CHILD  . . . . . . .	Number	 00000040h   
FILE_END . . . . . . . . . . . .	Number	 00000002h   
FILE_READ_DATA . . . . . . . . .	Number	 00000001h   
FILE_SHARE_DELETE  . . . . . . .	Number	 00000004h   
FILE_SHARE_READ  . . . . . . . .	Number	 00000001h   
FILE_SHARE_WRITE . . . . . . . .	Number	 00000002h   
FILE_WRITE_DATA  . . . . . . . .	Number	 00000002h   
FOCUS_EVENT  . . . . . . . . . .	Number	 00000010h   
FORMAT_MESSAGE_ALLOCATE_BUFFER .	Number	 00000100h   
FORMAT_MESSAGE_FROM_SYSTEM . . .	Number	 00001000h   
FormatMessage  . . . . . . . . .	Text   	 FormatMessageA
GENERIC_ALL  . . . . . . . . . .	Number	 10000000h   
GENERIC_EXECUTE  . . . . . . . .	Number	 20000000h   
GENERIC_READ . . . . . . . . . .	Number	 -80000000h   
GENERIC_WRITE  . . . . . . . . .	Number	 40000000h   
GetCommandLine . . . . . . . . .	Text   	 GetCommandLineA
HANDLE . . . . . . . . . . . . .	Text   	 DWORD
HEAP_GENERATE_EXCEPTIONS . . . .	Number	 00000004h   
HEAP_GROWABLE  . . . . . . . . .	Number	 00000002h   
HEAP_NO_SERIALIZE  . . . . . . .	Number	 00000001h   
HEAP_REALLOC_IN_PLACE_ONLY . . .	Number	 00000010h   
HEAP_ZERO_MEMORY . . . . . . . .	Number	 00000008h   
IDABORT  . . . . . . . . . . . .	Number	 00000003h   
IDCANCEL . . . . . . . . . . . .	Number	 00000002h   
IDCLOSE  . . . . . . . . . . . .	Number	 00000008h   
IDCONTINUE . . . . . . . . . . .	Number	 0000000Bh   
IDHELP . . . . . . . . . . . . .	Number	 00000009h   
IDIGNORE . . . . . . . . . . . .	Number	 00000005h   
IDNO . . . . . . . . . . . . . .	Number	 00000007h   
IDOK . . . . . . . . . . . . . .	Number	 00000001h   
IDRETRY  . . . . . . . . . . . .	Number	 00000004h   
IDTIMEOUT  . . . . . . . . . . .	Number	 00007D00h   
IDTRYAGAIN . . . . . . . . . . .	Number	 0000000Ah   
IDYES  . . . . . . . . . . . . .	Number	 00000006h   
INVALID_HANDLE_VALUE . . . . . .	Number	 -00000001h   
KBDOWN_FLAG  . . . . . . . . . .	Number	 00000001h   
KEY_EVENT  . . . . . . . . . . .	Number	 00000001h   
KEY_MASKS  . . . . . . . . . . .	Number	 0000001Fh   
LEFT_ALT_PRESSED . . . . . . . .	Number	 00000002h   
LEFT_CTRL_PRESSED  . . . . . . .	Number	 00000008h   
MB_ABORTRETRYIGNORE  . . . . . .	Number	 00000002h   
MB_APPLMODAL . . . . . . . . . .	Number	 00000000h   
MB_CANCELTRYCONTINUE . . . . . .	Number	 00000006h   
MB_DEFBUTTON1  . . . . . . . . .	Number	 00000000h   
MB_DEFBUTTON2  . . . . . . . . .	Number	 00000100h   
MB_DEFBUTTON3  . . . . . . . . .	Number	 00000200h   
MB_DEFBUTTON4  . . . . . . . . .	Number	 00000300h   
MB_HELP  . . . . . . . . . . . .	Number	 00004000h   
MB_ICONASTERISK  . . . . . . . .	Number	 00000040h   
MB_ICONERROR . . . . . . . . . .	Number	 00000010h   
MB_ICONEXCLAMATION . . . . . . .	Number	 00000030h   
MB_ICONHAND  . . . . . . . . . .	Number	 00000010h   
MB_ICONINFORMATION . . . . . . .	Number	 00000040h   
MB_ICONQUESTION  . . . . . . . .	Number	 00000020h   
MB_ICONSTOP  . . . . . . . . . .	Number	 00000010h   
MB_ICONWARNING . . . . . . . . .	Number	 00000030h   
MB_OKCANCEL  . . . . . . . . . .	Number	 00000001h   
MB_OK  . . . . . . . . . . . . .	Number	 00000000h   
MB_RETRYCANCEL . . . . . . . . .	Number	 00000005h   
MB_SYSTEMMODAL . . . . . . . . .	Number	 00001000h   
MB_TASKMODAL . . . . . . . . . .	Number	 00002000h   
MB_USERICON  . . . . . . . . . .	Number	 00000080h   
MB_YESNOCANCEL . . . . . . . . .	Number	 00000003h   
MB_YESNO . . . . . . . . . . . .	Number	 00000004h   
MENU_EVENT . . . . . . . . . . .	Number	 00000008h   
MOUSE_EVENT  . . . . . . . . . .	Number	 00000002h   
MessageBox . . . . . . . . . . .	Text   	 MessageBoxA
NULL . . . . . . . . . . . . . .	Number	 00000000h   
NUMLOCK_ON . . . . . . . . . . .	Number	 00000020h   
OPEN_ALWAYS  . . . . . . . . . .	Number	 00000004h   
OPEN_EXISTING  . . . . . . . . .	Number	 00000003h   
PeekConsoleInput . . . . . . . .	Text   	 PeekConsoleInputA
RIGHT_ALT_PRESSED  . . . . . . .	Number	 00000001h   
RIGHT_CTRL_PRESSED . . . . . . .	Number	 00000004h   
ReadConsoleInput . . . . . . . .	Text   	 ReadConsoleInputA
ReadConsole  . . . . . . . . . .	Text   	 ReadConsoleA
SCROLLLOCK_ON  . . . . . . . . .	Number	 00000040h   
SHIFT_MASK . . . . . . . . . . .	Number	 00000010h   
SHIFT_PRESSED  . . . . . . . . .	Number	 00000010h   
STD_ERROR_HANDLE . . . . . . . .	Number	 -0000000Ch   
STD_INPUT_HANDLE . . . . . . . .	Number	 -0000000Ah   
STD_OUTPUT_HANDLE  . . . . . . .	Number	 -0000000Bh   
SetConsoleTitle  . . . . . . . .	Text   	 SetConsoleTitleA
TAB  . . . . . . . . . . . . . .	Number	 00000009h   
TRUE . . . . . . . . . . . . . .	Number	 00000001h   
TRUNCATE_EXISTING  . . . . . . .	Number	 00000005h   
VK_11  . . . . . . . . . . . . .	Number	 000000BDh   
VK_12  . . . . . . . . . . . . .	Number	 000000BBh   
VK_ADD . . . . . . . . . . . . .	Number	 0000006Bh   
VK_BACK  . . . . . . . . . . . .	Number	 00000008h   
VK_CANCEL  . . . . . . . . . . .	Number	 00000003h   
VK_CAPITAL . . . . . . . . . . .	Number	 00000014h   
VK_CLEAR . . . . . . . . . . . .	Number	 0000000Ch   
VK_CONTROL . . . . . . . . . . .	Number	 00000011h   
VK_DECIMAL . . . . . . . . . . .	Number	 0000006Eh   
VK_DELETE  . . . . . . . . . . .	Number	 0000002Eh   
VK_DIVIDE  . . . . . . . . . . .	Number	 0000006Fh   
VK_DOWN  . . . . . . . . . . . .	Number	 00000028h   
VK_END . . . . . . . . . . . . .	Number	 00000023h   
VK_ESCAPE  . . . . . . . . . . .	Number	 0000001Bh   
VK_EXECUTE . . . . . . . . . . .	Number	 0000002Bh   
VK_F10 . . . . . . . . . . . . .	Number	 00000079h   
VK_F11 . . . . . . . . . . . . .	Number	 0000007Ah   
VK_F12 . . . . . . . . . . . . .	Number	 0000007Bh   
VK_F13 . . . . . . . . . . . . .	Number	 0000007Ch   
VK_F14 . . . . . . . . . . . . .	Number	 0000007Dh   
VK_F15 . . . . . . . . . . . . .	Number	 0000007Eh   
VK_F16 . . . . . . . . . . . . .	Number	 0000007Fh   
VK_F17 . . . . . . . . . . . . .	Number	 00000080h   
VK_F18 . . . . . . . . . . . . .	Number	 00000081h   
VK_F19 . . . . . . . . . . . . .	Number	 00000082h   
VK_F1  . . . . . . . . . . . . .	Number	 00000070h   
VK_F20 . . . . . . . . . . . . .	Number	 00000083h   
VK_F21 . . . . . . . . . . . . .	Number	 00000084h   
VK_F22 . . . . . . . . . . . . .	Number	 00000085h   
VK_F23 . . . . . . . . . . . . .	Number	 00000086h   
VK_F24 . . . . . . . . . . . . .	Number	 00000087h   
VK_F2  . . . . . . . . . . . . .	Number	 00000071h   
VK_F3  . . . . . . . . . . . . .	Number	 00000072h   
VK_F4  . . . . . . . . . . . . .	Number	 00000073h   
VK_F5  . . . . . . . . . . . . .	Number	 00000074h   
VK_F6  . . . . . . . . . . . . .	Number	 00000075h   
VK_F7  . . . . . . . . . . . . .	Number	 00000076h   
VK_F8  . . . . . . . . . . . . .	Number	 00000077h   
VK_F9  . . . . . . . . . . . . .	Number	 00000078h   
VK_HELP  . . . . . . . . . . . .	Number	 0000002Fh   
VK_HOME  . . . . . . . . . . . .	Number	 00000024h   
VK_INSERT  . . . . . . . . . . .	Number	 0000002Dh   
VK_LBUTTON . . . . . . . . . . .	Number	 00000001h   
VK_LCONTROL  . . . . . . . . . .	Number	 000000A2h   
VK_LEFT  . . . . . . . . . . . .	Number	 00000025h   
VK_LMENU . . . . . . . . . . . .	Number	 000000A4h   
VK_LSHIFT  . . . . . . . . . . .	Number	 000000A0h   
VK_MENU  . . . . . . . . . . . .	Number	 00000012h   
VK_MULTIPLY  . . . . . . . . . .	Number	 0000006Ah   
VK_NEXT  . . . . . . . . . . . .	Number	 00000022h   
VK_NUMLOCK . . . . . . . . . . .	Number	 00000090h   
VK_NUMPAD0 . . . . . . . . . . .	Number	 00000060h   
VK_NUMPAD1 . . . . . . . . . . .	Number	 00000061h   
VK_NUMPAD2 . . . . . . . . . . .	Number	 00000062h   
VK_NUMPAD3 . . . . . . . . . . .	Number	 00000063h   
VK_NUMPAD4 . . . . . . . . . . .	Number	 00000064h   
VK_NUMPAD5 . . . . . . . . . . .	Number	 00000065h   
VK_NUMPAD6 . . . . . . . . . . .	Number	 00000066h   
VK_NUMPAD7 . . . . . . . . . . .	Number	 00000067h   
VK_NUMPAD8 . . . . . . . . . . .	Number	 00000068h   
VK_NUMPAD9 . . . . . . . . . . .	Number	 00000069h   
VK_PAUSE . . . . . . . . . . . .	Number	 00000013h   
VK_PRINT . . . . . . . . . . . .	Number	 0000002Ah   
VK_PRIOR . . . . . . . . . . . .	Number	 00000021h   
VK_RBUTTON . . . . . . . . . . .	Number	 00000002h   
VK_RCONTROL  . . . . . . . . . .	Number	 000000A3h   
VK_RETURN  . . . . . . . . . . .	Number	 0000000Dh   
VK_RIGHT . . . . . . . . . . . .	Number	 00000027h   
VK_RMENU . . . . . . . . . . . .	Number	 000000A5h   
VK_RSHIFT  . . . . . . . . . . .	Number	 000000A1h   
VK_SCROLL  . . . . . . . . . . .	Number	 00000091h   
VK_SEPARATER . . . . . . . . . .	Number	 0000006Ch   
VK_SHIFT . . . . . . . . . . . .	Number	 00000010h   
VK_SNAPSHOT  . . . . . . . . . .	Number	 0000002Ch   
VK_SPACE . . . . . . . . . . . .	Number	 00000020h   
VK_SUBTRACT  . . . . . . . . . .	Number	 0000006Dh   
VK_TAB . . . . . . . . . . . . .	Number	 00000009h   
VK_UP  . . . . . . . . . . . . .	Number	 00000026h   
WINDOW_BUFFER_SIZE_EVENT . . . .	Number	 00000004h   
WriteConsoleOutputCharacter  . .	Text   	 WriteConsoleOutputCharacterA
WriteConsole . . . . . . . . . .	Text   	 WriteConsoleA
addSym . . . . . . . . . . . . .	Byte	 000001B2 _DATA	
black  . . . . . . . . . . . . .	Number	 00000000h   
blue . . . . . . . . . . . . . .	Number	 00000001h   
brown  . . . . . . . . . . . . .	Number	 00000006h   
cyan . . . . . . . . . . . . . .	Number	 00000003h   
eqlSym . . . . . . . . . . . . .	Byte	 000001BA _DATA	
errPrompt  . . . . . . . . . . .	Byte	 0000015F _DATA	
exit . . . . . . . . . . . . . .	Text   	 INVOKE ExitProcess,0
extCred1 . . . . . . . . . . . .	Byte	 00000033 _DATA	
extCred2 . . . . . . . . . . . .	Byte	 0000006A _DATA	
extCred3 . . . . . . . . . . . .	Byte	 000000A7 _DATA	
firPrompt  . . . . . . . . . . .	Byte	 00000131 _DATA	
goodBye  . . . . . . . . . . . .	Byte	 000001BE _DATA	
gray . . . . . . . . . . . . . .	Number	 00000008h   
green  . . . . . . . . . . . . .	Number	 00000002h   
instrctMsg . . . . . . . . . . .	Byte	 000000EA _DATA	
intro  . . . . . . . . . . . . .	Byte	 00000000 _DATA	
lightBlue  . . . . . . . . . . .	Number	 00000009h   
lightCyan  . . . . . . . . . . .	Number	 0000000Bh   
lightGray  . . . . . . . . . . .	Number	 00000007h   
lightGreen . . . . . . . . . . .	Number	 0000000Ah   
lightMagenta . . . . . . . . . .	Number	 0000000Dh   
lightRed . . . . . . . . . . . .	Number	 0000000Ch   
magenta  . . . . . . . . . . . .	Number	 00000005h   
numA . . . . . . . . . . . . . .	DWord	 000001CB _DATA	
numB . . . . . . . . . . . . . .	DWord	 000001CF _DATA	
numC . . . . . . . . . . . . . .	DWord	 000001D3 _DATA	
quitPrompt . . . . . . . . . . .	Byte	 0000018E _DATA	
red  . . . . . . . . . . . . . .	Number	 00000004h   
secPrompt  . . . . . . . . . . .	Byte	 00000140 _DATA	
subSym . . . . . . . . . . . . .	Byte	 000001B6 _DATA	
thrdPrompt . . . . . . . . . . .	Byte	 00000150 _DATA	
white  . . . . . . . . . . . . .	Number	 0000000Fh   
wsprintf . . . . . . . . . . . .	Text   	 wsprintfA
yellow . . . . . . . . . . . . .	Number	 0000000Eh   

	   0 Warnings
	   0 Errors
